// Jest Snapshot v1, https://goo.gl/fbAQLP

exports[`tests button functional should match the snapshot 1`] = `
Object {
  "description": "Wrapper for input elements",
  "displayName": "InputWrapper",
  "docsBlocks": Array [
    "\`\` \`jsx
  <input-wrapper label=\\"Label\\" value=\\"–\\" id=\\"sdf\\">
    …
  </input-wrapper>
  \`\` \`",
  ],
  "events": undefined,
  "exportName": "default",
  "functional": true,
  "methods": undefined,
  "props": Array [
    Object {
      "defaultValue": Object {
        "func": false,
        "value": "false",
      },
      "description": "Should display error?",
      "name": "error",
      "type": Object {
        "name": "boolean",
      },
    },
    Object {
      "defaultValue": Object {
        "func": false,
        "value": "false",
      },
      "description": "Should the input be focused?",
      "name": "focused",
      "type": Object {
        "name": "boolean",
      },
    },
    Object {
      "defaultValue": Object {
        "func": false,
        "value": "''",
      },
      "description": "Prefix icon for input field",
      "name": "icon",
      "type": Object {
        "name": "string",
      },
    },
    Object {
      "defaultValue": Object {
        "func": false,
        "value": "false",
      },
      "description": "Should the input be disabled?",
      "name": "disabled",
      "type": Object {
        "name": "boolean",
      },
    },
    Object {
      "name": "value",
      "type": Object {
        "name": "undefined",
      },
    },
    Object {
      "defaultValue": Object {
        "func": false,
        "value": "false",
      },
      "description": "True if input label should always be \\"up there\\"",
      "name": "labelAlwaysFloating",
      "type": Object {
        "name": "boolean",
      },
    },
    Object {
      "description": "Prefix string for input field",
      "name": "prefix",
      "type": Object {
        "name": "string",
      },
    },
    Object {
      "description": "Input ID",
      "name": "id",
      "required": true,
      "type": Object {
        "name": "string|number",
      },
    },
    Object {
      "description": "String for label text",
      "name": "label",
      "required": true,
      "type": Object {
        "name": "string",
      },
    },
    Object {
      "defaultValue": Object {
        "func": false,
        "value": "''",
      },
      "description": "String with relevant error message",
      "name": "errorMessage",
      "type": Object {
        "name": "string",
      },
    },
    Object {
      "description": "Input value",
      "name": "v-model",
      "required": true,
      "tags": Object {
        "model": Array [
          Object {
            "description": true,
            "title": "model",
          },
        ],
      },
      "type": Object {
        "name": "string",
      },
    },
  ],
  "slots": Array [
    Object {
      "name": "default",
    },
  ],
  "tags": Object {},
}
`;
